::ffff:127.0.0.1 - - [Sat, 31 Jan 2026 23:16:33 +0000] "GET / HTTP/1.1" 200 - "-" "Mozilla/5.0 (Windows NT 10.0; Win64; x64; rv:147.0) Gecko/20100101 Firefox/147.0"
::ffff:127.0.0.1 - - [Sat, 31 Jan 2026 23:16:51 +0000] "GET /antiddo HTTP/1.1" 200 - "-" "Mozilla/5.0 (Windows NT 10.0; Win64; x64; rv:147.0) Gecko/20100101 Firefox/147.0"
::ffff:127.0.0.1 - - [Sat, 31 Jan 2026 23:16:53 +0000] "GET /antiddos HTTP/1.1" 200 - "-" "Mozilla/5.0 (Windows NT 10.0; Win64; x64; rv:147.0) Gecko/20100101 Firefox/147.0"
::ffff:127.0.0.1 - - [Sat, 31 Jan 2026 23:17:29 +0000] "GET / HTTP/1.1" 200 - "-" "Mozilla/5.0 (Windows NT 10.0; Win64; x64; rv:147.0) Gecko/20100101 Firefox/147.0"
::ffff:127.0.0.1 - - [Sat, 31 Jan 2026 23:18:56 +0000] "GET / HTTP/1.1" 200 - "-" "Mozilla/5.0 (Windows NT 10.0; Win64; x64; rv:147.0) Gecko/20100101 Firefox/147.0"
::ffff:127.0.0.1 - - [Sat, 31 Jan 2026 23:19:21 +0000] "GET /admin HTTP/1.1" 200 - "-" "Mozilla/5.0 (Windows NT 10.0; Win64; x64; rv:147.0) Gecko/20100101 Firefox/147.0"
::ffff:127.0.0.1 - - [Sat, 31 Jan 2026 23:19:32 +0000] "GET /admin/antiddos HTTP/1.1" 200 - "-" "Mozilla/5.0 (Windows NT 10.0; Win64; x64; rv:147.0) Gecko/20100101 Firefox/147.0"
::ffff:127.0.0.1 - - [Sat, 31 Jan 2026 23:21:26 +0000] "GET /admin/anti-ddos HTTP/1.1" 200 - "-" "Mozilla/5.0 (Windows NT 10.0; Win64; x64; rv:147.0) Gecko/20100101 Firefox/147.0"
::ffff:127.0.0.1 - - [Sat, 31 Jan 2026 23:21:39 +0000] "GET /admin/anti-ddos HTTP/1.1" 200 - "-" "Mozilla/5.0 (Windows NT 10.0; Win64; x64; rv:147.0) Gecko/20100101 Firefox/147.0"
::ffff:127.0.0.1 - - [Sat, 31 Jan 2026 23:21:40 +0000] "GET / HTTP/1.1" 200 - "-" "Mozilla/5.0 (Windows NT 10.0; Win64; x64; rv:147.0) Gecko/20100101 Firefox/147.0"
::ffff:127.0.0.1 - - [Sat, 31 Jan 2026 23:22:02 +0000] "GET /admin/antiddos HTTP/1.1" 200 - "-" "Mozilla/5.0 (Windows NT 10.0; Win64; x64; rv:147.0) Gecko/20100101 Firefox/147.0"
::ffff:127.0.0.1 - - [Sat, 31 Jan 2026 23:22:05 +0000] "GET /admin HTTP/1.1" 200 - "-" "Mozilla/5.0 (Windows NT 10.0; Win64; x64; rv:147.0) Gecko/20100101 Firefox/147.0"
::ffff:127.0.0.1 - - [Sat, 31 Jan 2026 23:22:07 +0000] "GET / HTTP/1.1" 200 - "-" "Mozilla/5.0 (Windows NT 10.0; Win64; x64; rv:147.0) Gecko/20100101 Firefox/147.0"
::ffff:127.0.0.1 - - [Sat, 31 Jan 2026 23:22:09 +0000] "GET /login HTTP/1.1" 200 - "-" "Mozilla/5.0 (Windows NT 10.0; Win64; x64; rv:147.0) Gecko/20100101 Firefox/147.0"
::ffff:127.0.0.1 - - [Sat, 31 Jan 2026 23:22:18 +0000] "GET /home HTTP/1.1" 200 - "-" "Mozilla/5.0 (Windows NT 10.0; Win64; x64; rv:147.0) Gecko/20100101 Firefox/147.0"
::ffff:127.0.0.1 - - [Sat, 31 Jan 2026 23:22:47 +0000] "GET /admin/anti-ddos HTTP/1.1" 200 - "-" "Mozilla/5.0 (Windows NT 10.0; Win64; x64; rv:147.0) Gecko/20100101 Firefox/147.0"
::ffff:127.0.0.1 - - [Sat, 31 Jan 2026 23:22:47 +0000] "GET /home HTTP/1.1" 200 - "-" "Mozilla/5.0 (Windows NT 10.0; Win64; x64; rv:147.0) Gecko/20100101 Firefox/147.0"
::ffff:127.0.0.1 - - [Sat, 31 Jan 2026 23:22:48 +0000] "GET /admin/anti-ddos HTTP/1.1" 200 - "-" "Mozilla/5.0 (Windows NT 10.0; Win64; x64; rv:147.0) Gecko/20100101 Firefox/147.0"
::ffff:127.0.0.1 - - [Sat, 31 Jan 2026 23:22:48 +0000] "GET /home HTTP/1.1" 200 - "-" "Mozilla/5.0 (Windows NT 10.0; Win64; x64; rv:147.0) Gecko/20100101 Firefox/147.0"
::ffff:127.0.0.1 - - [Sat, 31 Jan 2026 23:22:48 +0000] "GET /admin/anti-ddos HTTP/1.1" 200 - "-" "Mozilla/5.0 (Windows NT 10.0; Win64; x64; rv:147.0) Gecko/20100101 Firefox/147.0"
::ffff:127.0.0.1 - - [Sat, 31 Jan 2026 23:22:48 +0000] "GET /home HTTP/1.1" 200 - "-" "Mozilla/5.0 (Windows NT 10.0; Win64; x64; rv:147.0) Gecko/20100101 Firefox/147.0"
::ffff:127.0.0.1 - - [Sat, 31 Jan 2026 23:22:49 +0000] "GET /admin/anti-ddos HTTP/1.1" 200 - "-" "Mozilla/5.0 (Windows NT 10.0; Win64; x64; rv:147.0) Gecko/20100101 Firefox/147.0"
::ffff:127.0.0.1 - - [Sat, 31 Jan 2026 23:22:49 +0000] "GET /home HTTP/1.1" 200 - "-" "Mozilla/5.0 (Windows NT 10.0; Win64; x64; rv:147.0) Gecko/20100101 Firefox/147.0"
::ffff:127.0.0.1 - - [Sat, 31 Jan 2026 23:22:49 +0000] "GET /admin/anti-ddos HTTP/1.1" 200 - "-" "Mozilla/5.0 (Windows NT 10.0; Win64; x64; rv:147.0) Gecko/20100101 Firefox/147.0"
::ffff:127.0.0.1 - - [Sat, 31 Jan 2026 23:22:50 +0000] "GET /home HTTP/1.1" 200 - "-" "Mozilla/5.0 (Windows NT 10.0; Win64; x64; rv:147.0) Gecko/20100101 Firefox/147.0"
::ffff:127.0.0.1 - - [Sat, 31 Jan 2026 23:22:50 +0000] "GET /admin/anti-ddos HTTP/1.1" 200 - "-" "Mozilla/5.0 (Windows NT 10.0; Win64; x64; rv:147.0) Gecko/20100101 Firefox/147.0"
::ffff:127.0.0.1 - - [Sat, 31 Jan 2026 23:22:51 +0000] "GET /home HTTP/1.1" 200 - "-" "Mozilla/5.0 (Windows NT 10.0; Win64; x64; rv:147.0) Gecko/20100101 Firefox/147.0"
::ffff:127.0.0.1 - - [Sat, 31 Jan 2026 23:22:56 +0000] "GET /home HTTP/1.1" 200 - "-" "Mozilla/5.0 (Windows NT 10.0; Win64; x64; rv:147.0) Gecko/20100101 Firefox/147.0"
::ffff:127.0.0.1 - - [Sat, 31 Jan 2026 23:23:24 +0000] "GET /home HTTP/1.1" 200 - "-" "Mozilla/5.0 (Windows NT 10.0; Win64; x64; rv:147.0) Gecko/20100101 Firefox/147.0"
::ffff:127.0.0.1 - - [Sat, 31 Jan 2026 23:24:54 +0000] "GET /admin/anti-ddos HTTP/1.1" 200 - "-" "Mozilla/5.0 (Windows NT 10.0; Win64; x64; rv:147.0) Gecko/20100101 Firefox/147.0"
::1 - - [Sat, 31 Jan 2026 23:26:31 +0000] "GET /api/admin/blocked-ips HTTP/1.1" 200 - "-" "Next.js Middleware"
::1 - - [Sat, 31 Jan 2026 23:26:32 +0000] "POST /api/ip-ban HTTP/1.1" 200 - "-" "Next.js Middleware"
::1 - - [Sat, 31 Jan 2026 23:26:32 +0000] "GET /api/admin/blocked-ips HTTP/1.1" 200 - "-" "Next.js Middleware"
::1 - - [Sat, 31 Jan 2026 23:26:33 +0000] "POST /api/admin/log-request HTTP/1.1" 200 - "-" "Next.js Middleware"
::1 - - [Sat, 31 Jan 2026 23:26:33 +0000] "POST /api/ip-ban HTTP/1.1" 200 - "-" "Next.js Middleware"
::1 - - [Sat, 31 Jan 2026 23:26:43 +0000] "POST /api/ip-ban HTTP/1.1" 200 - "-" "Next.js Middleware"
::1 - - [Sat, 31 Jan 2026 23:26:43 +0000] "POST /api/ip-ban HTTP/1.1" 200 - "-" "Next.js Middleware"
::1 - - [Sat, 31 Jan 2026 23:26:44 +0000] "POST /api/admin/log-request HTTP/1.1" 200 - "-" "Next.js Middleware"
::1 - - [Sat, 31 Jan 2026 23:26:44 +0000] "POST /api/ip-ban HTTP/1.1" 200 - "-" "Next.js Middleware"
::1 - - [Sat, 31 Jan 2026 23:26:44 +0000] "POST /api/ip-ban HTTP/1.1" 200 - "-" "Next.js Middleware"
::1 - - [Sat, 31 Jan 2026 23:26:45 +0000] "POST /api/ip-ban HTTP/1.1" 200 - "-" "Next.js Middleware"
::1 - - [Sat, 31 Jan 2026 23:26:44 +0000] "POST /api/ip-ban HTTP/1.1" 200 - "-" "Next.js Middleware"
::1 - - [Sat, 31 Jan 2026 23:26:53 +0000] "POST /api/ip-ban HTTP/1.1" 200 - "-" "Next.js Middleware"
::1 - - [Sat, 31 Jan 2026 23:26:53 +0000] "POST /api/ip-ban HTTP/1.1" 200 - "-" "Next.js Middleware"
::1 - - [Sat, 31 Jan 2026 23:31:11 +0000] "GET /api/admin/blocked-ips HTTP/1.1" 200 - "-" "Next.js Middleware"
::1 - - [Sat, 31 Jan 2026 23:31:12 +0000] "POST /api/ip-ban HTTP/1.1" 200 - "-" "Next.js Middleware"
::1 - - [Sat, 31 Jan 2026 23:31:12 +0000] "GET /api/admin/blocked-ips HTTP/1.1" 200 - "-" "Next.js Middleware"
::1 - - [Sat, 31 Jan 2026 23:31:12 +0000] "POST /api/admin/log-request HTTP/1.1" 200 - "-" "Next.js Middleware"
::1 - - [Sat, 31 Jan 2026 23:31:12 +0000] "POST /api/ip-ban HTTP/1.1" 200 - "-" "Next.js Middleware"
::1 - - [Sat, 31 Jan 2026 23:31:13 +0000] "POST /api/ip-ban HTTP/1.1" 200 - "-" "Next.js Middleware"
::1 - - [Sat, 31 Jan 2026 23:31:13 +0000] "POST /api/admin/log-request HTTP/1.1" 200 - "-" "Next.js Middleware"
::1 - - [Sat, 31 Jan 2026 23:31:14 +0000] "POST /api/ip-ban HTTP/1.1" 200 - "-" "Next.js Middleware"
::1 - - [Sat, 31 Jan 2026 23:31:13 +0000] "GET /api/admin/blocked-ips HTTP/1.1" 200 - "-" "Next.js Middleware"
::1 - - [Sat, 31 Jan 2026 23:31:21 +0000] "POST /api/ip-ban HTTP/1.1" 200 - "-" "Next.js Middleware"
::1 - - [Sat, 31 Jan 2026 23:31:22 +0000] "POST /api/ip-ban HTTP/1.1" 200 - "-" "Next.js Middleware"
::1 - - [Sat, 31 Jan 2026 23:31:22 +0000] "POST /api/admin/log-request HTTP/1.1" 200 - "-" "Next.js Middleware"
::1 - - [Sat, 31 Jan 2026 23:31:22 +0000] "POST /api/ip-ban HTTP/1.1" 200 - "-" "Next.js Middleware"
::1 - - [Sat, 31 Jan 2026 23:31:22 +0000] "POST /api/ip-ban HTTP/1.1" 200 - "-" "Next.js Middleware"
::1 - - [Sat, 31 Jan 2026 23:31:23 +0000] "POST /api/ip-ban HTTP/1.1" 200 - "-" "Next.js Middleware"
::1 - - [Sat, 31 Jan 2026 23:31:22 +0000] "POST /api/ip-ban HTTP/1.1" 200 - "-" "Next.js Middleware"
::1 - - [Sat, 31 Jan 2026 23:31:31 +0000] "POST /api/ip-ban HTTP/1.1" 200 - "-" "Next.js Middleware"
::1 - - [Sat, 31 Jan 2026 23:31:32 +0000] "POST /api/ip-ban HTTP/1.1" 200 - "-" "Next.js Middleware"
::1 - - [Sat, 31 Jan 2026 23:31:32 +0000] "POST /api/admin/log-request HTTP/1.1" 200 - "-" "Next.js Middleware"
::1 - - [Sat, 31 Jan 2026 23:31:33 +0000] "POST /api/ip-ban HTTP/1.1" 200 - "-" "Next.js Middleware"
::1 - - [Sat, 31 Jan 2026 23:31:32 +0000] "POST /api/ip-ban HTTP/1.1" 200 - "-" "Next.js Middleware"
::1 - - [Sat, 31 Jan 2026 23:32:43 +0000] "GET /api/admin/blocked-ips HTTP/1.1" 200 - "-" "Next.js Middleware"
::1 - - [Sat, 31 Jan 2026 23:32:43 +0000] "POST /api/ip-ban HTTP/1.1" 200 - "-" "Next.js Middleware"
::1 - - [Sat, 31 Jan 2026 23:32:44 +0000] "GET /api/admin/blocked-ips HTTP/1.1" 200 - "-" "Next.js Middleware"
::1 - - [Sat, 31 Jan 2026 23:32:44 +0000] "POST /api/admin/log-request HTTP/1.1" 200 - "-" "Next.js Middleware"
::1 - - [Sat, 31 Jan 2026 23:32:44 +0000] "POST /api/ip-ban HTTP/1.1" 200 - "-" "Next.js Middleware"
::1 - - [Sat, 31 Jan 2026 23:32:44 +0000] "POST /api/ip-ban HTTP/1.1" 200 - "-" "Next.js Middleware"
::1 - - [Sat, 31 Jan 2026 23:32:45 +0000] "POST /api/admin/log-request HTTP/1.1" 200 - "-" "Next.js Middleware"
::1 - - [Sat, 31 Jan 2026 23:32:45 +0000] "POST /api/ip-ban HTTP/1.1" 200 - "-" "Next.js Middleware"
::1 - - [Sat, 31 Jan 2026 23:32:45 +0000] "GET /api/admin/blocked-ips HTTP/1.1" 200 - "-" "Next.js Middleware"
::1 - - [Sat, 31 Jan 2026 23:32:53 +0000] "POST /api/ip-ban HTTP/1.1" 200 - "-" "Next.js Middleware"
::1 - - [Sat, 31 Jan 2026 23:32:53 +0000] "POST /api/ip-ban HTTP/1.1" 200 - "-" "Next.js Middleware"
::1 - - [Sat, 31 Jan 2026 23:32:53 +0000] "POST /api/admin/suspicious-activity HTTP/1.1" 200 - "-" "Next.js Middleware"
::1 - - [Sat, 31 Jan 2026 23:32:54 +0000] "POST /api/admin/log-request HTTP/1.1" 200 - "-" "Next.js Middleware"
::1 - - [Sat, 31 Jan 2026 23:32:53 +0000] "POST /api/ip-ban HTTP/1.1" 200 - "-" "Next.js Middleware"
::1 - - [Sat, 31 Jan 2026 23:32:54 +0000] "POST /api/admin/log-request HTTP/1.1" 200 - "-" "Next.js Middleware"
::1 - - [Sat, 31 Jan 2026 23:32:55 +0000] "POST /api/ip-ban HTTP/1.1" 200 - "-" "Next.js Middleware"
::1 - - [Sat, 31 Jan 2026 23:32:54 +0000] "POST /api/admin/suspicious-activity HTTP/1.1" 200 - "-" "Next.js Middleware"
::1 - - [Sat, 31 Jan 2026 23:33:03 +0000] "POST /api/ip-ban HTTP/1.1" 200 - "-" "Next.js Middleware"
::1 - - [Sat, 31 Jan 2026 23:33:03 +0000] "POST /api/ip-ban HTTP/1.1" 200 - "-" "Next.js Middleware"
::1 - - [Sat, 31 Jan 2026 23:33:03 +0000] "POST /api/ip-ban HTTP/1.1" 200 - "-" "Next.js Middleware"
::1 - - [Sat, 31 Jan 2026 23:33:04 +0000] "POST /api/admin/log-request HTTP/1.1" 200 - "-" "Next.js Middleware"
::1 - - [Sat, 31 Jan 2026 23:33:04 +0000] "POST /api/ip-ban HTTP/1.1" 200 - "-" "Next.js Middleware"
::1 - - [Sat, 31 Jan 2026 23:33:05 +0000] "POST /api/admin/log-request HTTP/1.1" 200 - "-" "Next.js Middleware"
::1 - - [Sat, 31 Jan 2026 23:33:44 +0000] "GET /api/admin/blocked-ips HTTP/1.1" 200 - "-" "Next.js Middleware"
::1 - - [Sat, 31 Jan 2026 23:33:45 +0000] "POST /api/ip-ban HTTP/1.1" 200 - "-" "Next.js Middleware"
::1 - - [Sat, 31 Jan 2026 23:33:45 +0000] "GET /api/admin/blocked-ips HTTP/1.1" 200 - "-" "Next.js Middleware"
::1 - - [Sat, 31 Jan 2026 23:33:46 +0000] "POST /api/admin/log-request HTTP/1.1" 200 - "-" "Next.js Middleware"
::1 - - [Sat, 31 Jan 2026 23:33:46 +0000] "POST /api/ip-ban HTTP/1.1" 200 - "-" "Next.js Middleware"
::1 - - [Sat, 31 Jan 2026 23:33:46 +0000] "POST /api/ip-ban HTTP/1.1" 200 - "-" "Next.js Middleware"
::1 - - [Sat, 31 Jan 2026 23:33:47 +0000] "POST /api/admin/log-request HTTP/1.1" 200 - "-" "Next.js Middleware"
::1 - - [Sat, 31 Jan 2026 23:33:47 +0000] "POST /api/ip-ban HTTP/1.1" 200 - "-" "Next.js Middleware"
::1 - - [Sat, 31 Jan 2026 23:33:47 +0000] "GET /api/admin/blocked-ips HTTP/1.1" 200 - "-" "Next.js Middleware"
::1 - - [Sat, 31 Jan 2026 23:33:57 +0000] "POST /api/ip-ban HTTP/1.1" 200 - "-" "Next.js Middleware"
::1 - - [Sat, 31 Jan 2026 23:33:57 +0000] "POST /api/ip-ban HTTP/1.1" 200 - "-" "Next.js Middleware"
::1 - - [Sat, 31 Jan 2026 23:33:57 +0000] "POST /api/ip-ban HTTP/1.1" 200 - "-" "Next.js Middleware"
::1 - - [Sat, 31 Jan 2026 23:33:57 +0000] "POST /api/admin/log-request HTTP/1.1" 200 - "-" "Next.js Middleware"
::1 - - [Sat, 31 Jan 2026 23:33:57 +0000] "POST /api/ip-ban HTTP/1.1" 200 - "-" "Next.js Middleware"
::1 - - [Sat, 31 Jan 2026 23:33:57 +0000] "POST /api/admin/log-request HTTP/1.1" 200 - "-" "Next.js Middleware"
::1 - - [Sat, 31 Jan 2026 23:34:07 +0000] "POST /api/ip-ban HTTP/1.1" 200 - "-" "Next.js Middleware"
::1 - - [Sat, 31 Jan 2026 23:34:07 +0000] "POST /api/ip-ban HTTP/1.1" 200 - "-" "Next.js Middleware"
::1 - - [Sat, 31 Jan 2026 23:34:08 +0000] "POST /api/admin/log-request HTTP/1.1" 200 - "-" "Next.js Middleware"
::1 - - [Sat, 31 Jan 2026 23:34:08 +0000] "POST /api/ip-ban HTTP/1.1" 200 - "-" "Next.js Middleware"
::1 - - [Sat, 31 Jan 2026 23:34:08 +0000] "POST /api/ip-ban HTTP/1.1" 200 - "-" "Next.js Middleware"
::1 - - [Sat, 31 Jan 2026 23:34:07 +0000] "POST /api/ip-ban HTTP/1.1" 200 - "-" "Next.js Middleware"
::1 - - [Sat, 31 Jan 2026 23:34:08 +0000] "POST /api/ip-ban HTTP/1.1" 200 - "-" "Next.js Middleware"
::1 - - [Sat, 31 Jan 2026 23:34:17 +0000] "POST /api/ip-ban HTTP/1.1" 200 - "-" "Next.js Middleware"
::1 - - [Sat, 31 Jan 2026 23:34:18 +0000] "POST /api/admin/log-request HTTP/1.1" 200 - "-" "Next.js Middleware"
::1 - - [Sat, 31 Jan 2026 23:34:17 +0000] "POST /api/ip-ban HTTP/1.1" 200 - "-" "Next.js Middleware"
::1 - - [Sat, 31 Jan 2026 23:34:18 +0000] "POST /api/ip-ban HTTP/1.1" 200 - "-" "Next.js Middleware"
::1 - - [Sat, 31 Jan 2026 23:34:18 +0000] "POST /api/ip-ban HTTP/1.1" 200 - "-" "Next.js Middleware"
::1 - - [Sat, 31 Jan 2026 23:34:18 +0000] "POST /api/ip-ban HTTP/1.1" 200 - "-" "Next.js Middleware"
::1 - - [Sat, 31 Jan 2026 23:34:18 +0000] "POST /api/ip-ban HTTP/1.1" 200 - "-" "Next.js Middleware"
::1 - - [Sat, 31 Jan 2026 23:34:27 +0000] "POST /api/ip-ban HTTP/1.1" 200 - "-" "Next.js Middleware"
::1 - - [Sat, 31 Jan 2026 23:34:27 +0000] "POST /api/ip-ban HTTP/1.1" 200 - "-" "Next.js Middleware"
::1 - - [Sat, 31 Jan 2026 23:34:28 +0000] "POST /api/ip-ban HTTP/1.1" 200 - "-" "Next.js Middleware"
::1 - - [Sat, 31 Jan 2026 23:34:28 +0000] "POST /api/admin/log-request HTTP/1.1" 200 - "-" "Next.js Middleware"
::1 - - [Sat, 31 Jan 2026 23:34:28 +0000] "POST /api/ip-ban HTTP/1.1" 200 - "-" "Next.js Middleware"
::1 - - [Sat, 31 Jan 2026 23:34:28 +0000] "POST /api/admin/log-request HTTP/1.1" 200 - "-" "Next.js Middleware"
::1 - - [Sat, 31 Jan 2026 23:34:37 +0000] "POST /api/ip-ban HTTP/1.1" 200 - "-" "Next.js Middleware"
::1 - - [Sat, 31 Jan 2026 23:34:38 +0000] "POST /api/ip-ban HTTP/1.1" 200 - "-" "Next.js Middleware"
::1 - - [Sat, 31 Jan 2026 23:34:38 +0000] "POST /api/admin/log-request HTTP/1.1" 200 - "-" "Next.js Middleware"
::1 - - [Sat, 31 Jan 2026 23:34:38 +0000] "POST /api/ip-ban HTTP/1.1" 200 - "-" "Next.js Middleware"
::1 - - [Sat, 31 Jan 2026 23:34:39 +0000] "POST /api/ip-ban HTTP/1.1" 200 - "-" "Next.js Middleware"
::1 - - [Sat, 31 Jan 2026 23:34:38 +0000] "POST /api/ip-ban HTTP/1.1" 200 - "-" "Next.js Middleware"
::1 - - [Sat, 31 Jan 2026 23:34:38 +0000] "POST /api/ip-ban HTTP/1.1" 200 - "-" "Next.js Middleware"
::1 - - [Sat, 31 Jan 2026 23:34:48 +0000] "POST /api/ip-ban HTTP/1.1" 200 - "-" "Next.js Middleware"
::1 - - [Sat, 31 Jan 2026 23:34:48 +0000] "POST /api/ip-ban HTTP/1.1" 200 - "-" "Next.js Middleware"
::1 - - [Sat, 31 Jan 2026 23:34:48 +0000] "POST /api/admin/log-request HTTP/1.1" 200 - "-" "Next.js Middleware"
::1 - - [Sat, 31 Jan 2026 23:34:49 +0000] "POST /api/ip-ban HTTP/1.1" 200 - "-" "Next.js Middleware"
::1 - - [Sat, 31 Jan 2026 23:34:48 +0000] "POST /api/ip-ban HTTP/1.1" 200 - "-" "Next.js Middleware"
::1 - - [Sat, 31 Jan 2026 23:34:49 +0000] "POST /api/ip-ban HTTP/1.1" 200 - "-" "Next.js Middleware"
::1 - - [Sat, 31 Jan 2026 23:34:49 +0000] "POST /api/ip-ban HTTP/1.1" 200 - "-" "Next.js Middleware"
::1 - - [Sat, 31 Jan 2026 23:34:58 +0000] "POST /api/ip-ban HTTP/1.1" 200 - "-" "Next.js Middleware"
::1 - - [Sat, 31 Jan 2026 23:34:58 +0000] "POST /api/ip-ban HTTP/1.1" 200 - "-" "Next.js Middleware"
::1 - - [Sat, 31 Jan 2026 23:34:58 +0000] "POST /api/ip-ban HTTP/1.1" 200 - "-" "Next.js Middleware"
::1 - - [Sat, 31 Jan 2026 23:34:58 +0000] "POST /api/admin/log-request HTTP/1.1" 200 - "-" "Next.js Middleware"
::1 - - [Sat, 31 Jan 2026 23:34:58 +0000] "POST /api/ip-ban HTTP/1.1" 200 - "-" "Next.js Middleware"
::1 - - [Sat, 31 Jan 2026 23:34:59 +0000] "POST /api/admin/log-request HTTP/1.1" 200 - "-" "Next.js Middleware"
::1 - - [Sat, 31 Jan 2026 23:35:08 +0000] "POST /api/ip-ban HTTP/1.1" 200 - "-" "Next.js Middleware"
::1 - - [Sat, 31 Jan 2026 23:35:08 +0000] "POST /api/ip-ban HTTP/1.1" 200 - "-" "Next.js Middleware"
::1 - - [Sat, 31 Jan 2026 23:35:09 +0000] "POST /api/admin/log-request HTTP/1.1" 200 - "-" "Next.js Middleware"
::1 - - [Sat, 31 Jan 2026 23:35:09 +0000] "POST /api/ip-ban HTTP/1.1" 200 - "-" "Next.js Middleware"
::1 - - [Sat, 31 Jan 2026 23:35:09 +0000] "POST /api/ip-ban HTTP/1.1" 200 - "-" "Next.js Middleware"
::1 - - [Sat, 31 Jan 2026 23:35:09 +0000] "POST /api/ip-ban HTTP/1.1" 200 - "-" "Next.js Middleware"
::1 - - [Sat, 31 Jan 2026 23:35:09 +0000] "POST /api/ip-ban HTTP/1.1" 200 - "-" "Next.js Middleware"
::1 - - [Sat, 31 Jan 2026 23:35:18 +0000] "POST /api/ip-ban HTTP/1.1" 200 - "-" "Next.js Middleware"
::1 - - [Sat, 31 Jan 2026 23:35:18 +0000] "POST /api/ip-ban HTTP/1.1" 200 - "-" "Next.js Middleware"
::1 - - [Sat, 31 Jan 2026 23:35:19 +0000] "POST /api/admin/log-request HTTP/1.1" 200 - "-" "Next.js Middleware"
::1 - - [Sat, 31 Jan 2026 23:35:19 +0000] "POST /api/ip-ban HTTP/1.1" 200 - "-" "Next.js Middleware"
::1 - - [Sat, 31 Jan 2026 23:35:19 +0000] "POST /api/ip-ban HTTP/1.1" 200 - "-" "Next.js Middleware"
::1 - - [Sat, 31 Jan 2026 23:35:20 +0000] "POST /api/ip-ban HTTP/1.1" 200 - "-" "Next.js Middleware"
::1 - - [Sat, 31 Jan 2026 23:35:19 +0000] "POST /api/ip-ban HTTP/1.1" 200 - "-" "Next.js Middleware"
::1 - - [Sat, 31 Jan 2026 23:35:28 +0000] "POST /api/ip-ban HTTP/1.1" 200 - "-" "Next.js Middleware"
::1 - - [Sat, 31 Jan 2026 23:35:28 +0000] "POST /api/ip-ban HTTP/1.1" 200 - "-" "Next.js Middleware"
::1 - - [Sat, 31 Jan 2026 23:35:29 +0000] "POST /api/admin/log-request HTTP/1.1" 200 - "-" "Next.js Middleware"
::1 - - [Sat, 31 Jan 2026 23:35:29 +0000] "POST /api/ip-ban HTTP/1.1" 200 - "-" "Next.js Middleware"
::1 - - [Sat, 31 Jan 2026 23:35:29 +0000] "POST /api/ip-ban HTTP/1.1" 200 - "-" "Next.js Middleware"
::1 - - [Sat, 31 Jan 2026 23:35:29 +0000] "POST /api/admin/log-request HTTP/1.1" 200 - "-" "Next.js Middleware"
::1 - - [Sat, 31 Jan 2026 23:35:38 +0000] "POST /api/ip-ban HTTP/1.1" 200 - "-" "Next.js Middleware"
::1 - - [Sat, 31 Jan 2026 23:35:39 +0000] "POST /api/ip-ban HTTP/1.1" 200 - "-" "Next.js Middleware"
::1 - - [Sat, 31 Jan 2026 23:35:39 +0000] "POST /api/admin/log-request HTTP/1.1" 200 - "-" "Next.js Middleware"
::1 - - [Sat, 31 Jan 2026 23:35:40 +0000] "POST /api/ip-ban HTTP/1.1" 200 - "-" "Next.js Middleware"
::1 - - [Sat, 31 Jan 2026 23:35:40 +0000] "POST /api/ip-ban HTTP/1.1" 200 - "-" "Next.js Middleware"
::1 - - [Sat, 31 Jan 2026 23:35:39 +0000] "POST /api/ip-ban HTTP/1.1" 200 - "-" "Next.js Middleware"
::1 - - [Sat, 31 Jan 2026 23:35:40 +0000] "POST /api/ip-ban HTTP/1.1" 200 - "-" "Next.js Middleware"
::1 - - [Sat, 31 Jan 2026 23:35:48 +0000] "POST /api/ip-ban HTTP/1.1" 200 - "-" "Next.js Middleware"
::1 - - [Sat, 31 Jan 2026 23:35:49 +0000] "POST /api/ip-ban HTTP/1.1" 200 - "-" "Next.js Middleware"
::1 - - [Sat, 31 Jan 2026 23:35:49 +0000] "POST /api/admin/log-request HTTP/1.1" 200 - "-" "Next.js Middleware"
::1 - - [Sat, 31 Jan 2026 23:35:50 +0000] "POST /api/ip-ban HTTP/1.1" 200 - "-" "Next.js Middleware"
::1 - - [Sat, 31 Jan 2026 23:35:49 +0000] "POST /api/ip-ban HTTP/1.1" 200 - "-" "Next.js Middleware"
::1 - - [Sat, 31 Jan 2026 23:35:50 +0000] "POST /api/ip-ban HTTP/1.1" 200 - "-" "Next.js Middleware"
::1 - - [Sat, 31 Jan 2026 23:35:49 +0000] "POST /api/ip-ban HTTP/1.1" 200 - "-" "Next.js Middleware"
::1 - - [Sat, 31 Jan 2026 23:35:59 +0000] "POST /api/ip-ban HTTP/1.1" 200 - "-" "Next.js Middleware"
::1 - - [Sat, 31 Jan 2026 23:35:59 +0000] "POST /api/ip-ban HTTP/1.1" 200 - "-" "Next.js Middleware"
::1 - - [Sat, 31 Jan 2026 23:35:59 +0000] "POST /api/ip-ban HTTP/1.1" 200 - "-" "Next.js Middleware"
::1 - - [Sat, 31 Jan 2026 23:35:59 +0000] "POST /api/admin/log-request HTTP/1.1" 200 - "-" "Next.js Middleware"
::1 - - [Sat, 31 Jan 2026 23:35:59 +0000] "POST /api/ip-ban HTTP/1.1" 200 - "-" "Next.js Middleware"
::1 - - [Sat, 31 Jan 2026 23:35:59 +0000] "POST /api/admin/log-request HTTP/1.1" 200 - "-" "Next.js Middleware"
::1 - - [Sat, 31 Jan 2026 23:36:09 +0000] "POST /api/ip-ban HTTP/1.1" 200 - "-" "Next.js Middleware"
::1 - - [Sat, 31 Jan 2026 23:36:09 +0000] "POST /api/ip-ban HTTP/1.1" 200 - "-" "Next.js Middleware"
::1 - - [Sat, 31 Jan 2026 23:36:09 +0000] "POST /api/admin/log-request HTTP/1.1" 200 - "-" "Next.js Middleware"
::1 - - [Sat, 31 Jan 2026 23:36:10 +0000] "POST /api/ip-ban HTTP/1.1" 200 - "-" "Next.js Middleware"
::1 - - [Sat, 31 Jan 2026 23:36:10 +0000] "POST /api/ip-ban HTTP/1.1" 200 - "-" "Next.js Middleware"
::1 - - [Sat, 31 Jan 2026 23:36:09 +0000] "POST /api/ip-ban HTTP/1.1" 200 - "-" "Next.js Middleware"
::1 - - [Sat, 31 Jan 2026 23:36:10 +0000] "POST /api/ip-ban HTTP/1.1" 200 - "-" "Next.js Middleware"
::1 - - [Sat, 31 Jan 2026 23:36:19 +0000] "POST /api/ip-ban HTTP/1.1" 200 - "-" "Next.js Middleware"
::1 - - [Sat, 31 Jan 2026 23:36:19 +0000] "POST /api/ip-ban HTTP/1.1" 200 - "-" "Next.js Middleware"
::1 - - [Sat, 31 Jan 2026 23:36:19 +0000] "POST /api/admin/log-request HTTP/1.1" 200 - "-" "Next.js Middleware"
::1 - - [Sat, 31 Jan 2026 23:36:20 +0000] "POST /api/ip-ban HTTP/1.1" 200 - "-" "Next.js Middleware"
::1 - - [Sat, 31 Jan 2026 23:36:19 +0000] "POST /api/ip-ban HTTP/1.1" 200 - "-" "Next.js Middleware"
::1 - - [Sat, 31 Jan 2026 23:36:20 +0000] "POST /api/ip-ban HTTP/1.1" 200 - "-" "Next.js Middleware"
::1 - - [Sat, 31 Jan 2026 23:36:20 +0000] "POST /api/ip-ban HTTP/1.1" 200 - "-" "Next.js Middleware"
::1 - - [Sat, 31 Jan 2026 23:36:29 +0000] "POST /api/ip-ban HTTP/1.1" 200 - "-" "Next.js Middleware"
::1 - - [Sat, 31 Jan 2026 23:36:29 +0000] "POST /api/ip-ban HTTP/1.1" 200 - "-" "Next.js Middleware"
::1 - - [Sat, 31 Jan 2026 23:36:30 +0000] "POST /api/ip-ban HTTP/1.1" 200 - "-" "Next.js Middleware"
::1 - - [Sat, 31 Jan 2026 23:36:30 +0000] "POST /api/admin/log-request HTTP/1.1" 200 - "-" "Next.js Middleware"
::1 - - [Sat, 31 Jan 2026 23:36:30 +0000] "POST /api/ip-ban HTTP/1.1" 200 - "-" "Next.js Middleware"
::1 - - [Sat, 31 Jan 2026 23:36:30 +0000] "POST /api/admin/log-request HTTP/1.1" 200 - "-" "Next.js Middleware"
::1 - - [Sat, 31 Jan 2026 23:36:39 +0000] "POST /api/ip-ban HTTP/1.1" 200 - "-" "Next.js Middleware"
::1 - - [Sat, 31 Jan 2026 23:36:40 +0000] "POST /api/ip-ban HTTP/1.1" 200 - "-" "Next.js Middleware"
::1 - - [Sat, 31 Jan 2026 23:36:40 +0000] "POST /api/admin/log-request HTTP/1.1" 200 - "-" "Next.js Middleware"
::1 - - [Sat, 31 Jan 2026 23:36:40 +0000] "POST /api/ip-ban HTTP/1.1" 200 - "-" "Next.js Middleware"
::1 - - [Sat, 31 Jan 2026 23:36:41 +0000] "POST /api/ip-ban HTTP/1.1" 200 - "-" "Next.js Middleware"
::1 - - [Sat, 31 Jan 2026 23:36:40 +0000] "POST /api/ip-ban HTTP/1.1" 200 - "-" "Next.js Middleware"
::1 - - [Sat, 31 Jan 2026 23:36:40 +0000] "POST /api/ip-ban HTTP/1.1" 200 - "-" "Next.js Middleware"
::1 - - [Sat, 31 Jan 2026 23:36:49 +0000] "POST /api/ip-ban HTTP/1.1" 200 - "-" "Next.js Middleware"
::1 - - [Sat, 31 Jan 2026 23:36:50 +0000] "POST /api/ip-ban HTTP/1.1" 200 - "-" "Next.js Middleware"
::1 - - [Sat, 31 Jan 2026 23:36:50 +0000] "POST /api/admin/log-request HTTP/1.1" 200 - "-" "Next.js Middleware"
::1 - - [Sat, 31 Jan 2026 23:36:50 +0000] "POST /api/ip-ban HTTP/1.1" 200 - "-" "Next.js Middleware"
::1 - - [Sat, 31 Jan 2026 23:36:50 +0000] "POST /api/ip-ban HTTP/1.1" 200 - "-" "Next.js Middleware"
::1 - - [Sat, 31 Jan 2026 23:36:51 +0000] "POST /api/ip-ban HTTP/1.1" 200 - "-" "Next.js Middleware"
::1 - - [Sat, 31 Jan 2026 23:36:50 +0000] "POST /api/ip-ban HTTP/1.1" 200 - "-" "Next.js Middleware"
::1 - - [Sat, 31 Jan 2026 23:37:00 +0000] "POST /api/ip-ban HTTP/1.1" 200 - "-" "Next.js Middleware"
::1 - - [Sat, 31 Jan 2026 23:37:00 +0000] "POST /api/ip-ban HTTP/1.1" 200 - "-" "Next.js Middleware"
::1 - - [Sat, 31 Jan 2026 23:37:00 +0000] "POST /api/admin/log-request HTTP/1.1" 200 - "-" "Next.js Middleware"
::1 - - [Sat, 31 Jan 2026 23:37:00 +0000] "POST /api/ip-ban HTTP/1.1" 200 - "-" "Next.js Middleware"
::1 - - [Sat, 31 Jan 2026 23:37:00 +0000] "POST /api/ip-ban HTTP/1.1" 200 - "-" "Next.js Middleware"
::1 - - [Sat, 31 Jan 2026 23:37:00 +0000] "POST /api/admin/log-request HTTP/1.1" 200 - "-" "Next.js Middleware"
::1 - - [Sat, 31 Jan 2026 23:37:10 +0000] "POST /api/ip-ban HTTP/1.1" 200 - "-" "Next.js Middleware"
::1 - - [Sat, 31 Jan 2026 23:37:10 +0000] "POST /api/ip-ban HTTP/1.1" 200 - "-" "Next.js Middleware"
::1 - - [Sat, 31 Jan 2026 23:37:10 +0000] "POST /api/admin/log-request HTTP/1.1" 200 - "-" "Next.js Middleware"
::1 - - [Sat, 31 Jan 2026 23:37:11 +0000] "POST /api/ip-ban HTTP/1.1" 200 - "-" "Next.js Middleware"
::1 - - [Sat, 31 Jan 2026 23:37:11 +0000] "POST /api/ip-ban HTTP/1.1" 200 - "-" "Next.js Middleware"
::1 - - [Sat, 31 Jan 2026 23:37:10 +0000] "POST /api/ip-ban HTTP/1.1" 200 - "-" "Next.js Middleware"
::1 - - [Sat, 31 Jan 2026 23:37:11 +0000] "POST /api/ip-ban HTTP/1.1" 200 - "-" "Next.js Middleware"
::1 - - [Sat, 31 Jan 2026 23:37:20 +0000] "POST /api/ip-ban HTTP/1.1" 200 - "-" "Next.js Middleware"
::1 - - [Sat, 31 Jan 2026 23:37:20 +0000] "POST /api/ip-ban HTTP/1.1" 200 - "-" "Next.js Middleware"
::1 - - [Sat, 31 Jan 2026 23:37:21 +0000] "POST /api/admin/log-request HTTP/1.1" 200 - "-" "Next.js Middleware"
::1 - - [Sat, 31 Jan 2026 23:37:21 +0000] "POST /api/ip-ban HTTP/1.1" 200 - "-" "Next.js Middleware"
::1 - - [Sat, 31 Jan 2026 23:37:21 +0000] "POST /api/ip-ban HTTP/1.1" 200 - "-" "Next.js Middleware"
::1 - - [Sat, 31 Jan 2026 23:37:22 +0000] "POST /api/ip-ban HTTP/1.1" 200 - "-" "Next.js Middleware"
::1 - - [Sat, 31 Jan 2026 23:37:21 +0000] "POST /api/ip-ban HTTP/1.1" 200 - "-" "Next.js Middleware"
::1 - - [Sat, 31 Jan 2026 23:37:30 +0000] "POST /api/ip-ban HTTP/1.1" 200 - "-" "Next.js Middleware"
::1 - - [Sat, 31 Jan 2026 23:37:30 +0000] "POST /api/ip-ban HTTP/1.1" 200 - "-" "Next.js Middleware"
::1 - - [Sat, 31 Jan 2026 23:37:31 +0000] "POST /api/admin/log-request HTTP/1.1" 200 - "-" "Next.js Middleware"
::1 - - [Sat, 31 Jan 2026 23:37:30 +0000] "POST /api/ip-ban HTTP/1.1" 200 - "-" "Next.js Middleware"
::1 - - [Sat, 31 Jan 2026 23:37:30 +0000] "POST /api/ip-ban HTTP/1.1" 200 - "-" "Next.js Middleware"
::1 - - [Sat, 31 Jan 2026 23:37:31 +0000] "POST /api/admin/log-request HTTP/1.1" 200 - "-" "Next.js Middleware"
::1 - - [Sat, 31 Jan 2026 23:37:40 +0000] "POST /api/ip-ban HTTP/1.1" 200 - "-" "Next.js Middleware"
::1 - - [Sat, 31 Jan 2026 23:37:40 +0000] "POST /api/ip-ban HTTP/1.1" 200 - "-" "Next.js Middleware"
::1 - - [Sat, 31 Jan 2026 23:37:41 +0000] "POST /api/admin/log-request HTTP/1.1" 200 - "-" "Next.js Middleware"
::1 - - [Sat, 31 Jan 2026 23:37:41 +0000] "POST /api/ip-ban HTTP/1.1" 200 - "-" "Next.js Middleware"
::1 - - [Sat, 31 Jan 2026 23:37:41 +0000] "POST /api/ip-ban HTTP/1.1" 200 - "-" "Next.js Middleware"
::1 - - [Sat, 31 Jan 2026 23:37:42 +0000] "POST /api/ip-ban HTTP/1.1" 200 - "-" "Next.js Middleware"
::1 - - [Sat, 31 Jan 2026 23:37:41 +0000] "POST /api/ip-ban HTTP/1.1" 200 - "-" "Next.js Middleware"
::1 - - [Sat, 31 Jan 2026 23:37:50 +0000] "POST /api/ip-ban HTTP/1.1" 200 - "-" "Next.js Middleware"
::1 - - [Sat, 31 Jan 2026 23:37:51 +0000] "POST /api/ip-ban HTTP/1.1" 200 - "-" "Next.js Middleware"
::1 - - [Sat, 31 Jan 2026 23:37:51 +0000] "POST /api/admin/log-request HTTP/1.1" 200 - "-" "Next.js Middleware"
::1 - - [Sat, 31 Jan 2026 23:37:51 +0000] "POST /api/ip-ban HTTP/1.1" 200 - "-" "Next.js Middleware"
::1 - - [Sat, 31 Jan 2026 23:37:51 +0000] "POST /api/ip-ban HTTP/1.1" 200 - "-" "Next.js Middleware"
::1 - - [Sat, 31 Jan 2026 23:37:52 +0000] "POST /api/ip-ban HTTP/1.1" 200 - "-" "Next.js Middleware"
::1 - - [Sat, 31 Jan 2026 23:37:51 +0000] "POST /api/ip-ban HTTP/1.1" 200 - "-" "Next.js Middleware"
::1 - - [Sat, 31 Jan 2026 23:38:01 +0000] "POST /api/ip-ban HTTP/1.1" 200 - "-" "Next.js Middleware"
::1 - - [Sat, 31 Jan 2026 23:38:02 +0000] "POST /api/ip-ban HTTP/1.1" 200 - "-" "Next.js Middleware"
::1 - - [Sat, 31 Jan 2026 23:38:02 +0000] "POST /api/ip-ban HTTP/1.1" 200 - "-" "Next.js Middleware"
::1 - - [Sat, 31 Jan 2026 23:38:02 +0000] "POST /api/admin/log-request HTTP/1.1" 200 - "-" "Next.js Middleware"
::1 - - [Sat, 31 Jan 2026 23:38:02 +0000] "POST /api/ip-ban HTTP/1.1" 200 - "-" "Next.js Middleware"
::1 - - [Sat, 31 Jan 2026 23:38:03 +0000] "POST /api/admin/log-request HTTP/1.1" 200 - "-" "Next.js Middleware"
::1 - - [Sat, 31 Jan 2026 23:38:11 +0000] "POST /api/ip-ban HTTP/1.1" 200 - "-" "Next.js Middleware"
::1 - - [Sat, 31 Jan 2026 23:38:12 +0000] "POST /api/ip-ban HTTP/1.1" 200 - "-" "Next.js Middleware"
::1 - - [Sat, 31 Jan 2026 23:38:12 +0000] "POST /api/admin/log-request HTTP/1.1" 200 - "-" "Next.js Middleware"
::1 - - [Sat, 31 Jan 2026 23:38:13 +0000] "POST /api/ip-ban HTTP/1.1" 200 - "-" "Next.js Middleware"
::1 - - [Sat, 31 Jan 2026 23:38:13 +0000] "POST /api/ip-ban HTTP/1.1" 200 - "-" "Next.js Middleware"
::1 - - [Sat, 31 Jan 2026 23:38:12 +0000] "POST /api/ip-ban HTTP/1.1" 200 - "-" "Next.js Middleware"
::1 - - [Sat, 31 Jan 2026 23:38:12 +0000] "POST /api/ip-ban HTTP/1.1" 200 - "-" "Next.js Middleware"
::1 - - [Sat, 31 Jan 2026 23:38:21 +0000] "POST /api/ip-ban HTTP/1.1" 200 - "-" "Next.js Middleware"
::1 - - [Sat, 31 Jan 2026 23:38:21 +0000] "POST /api/ip-ban HTTP/1.1" 200 - "-" "Next.js Middleware"
::1 - - [Sat, 31 Jan 2026 23:38:22 +0000] "POST /api/admin/log-request HTTP/1.1" 200 - "-" "Next.js Middleware"
::1 - - [Sat, 31 Jan 2026 23:38:23 +0000] "POST /api/ip-ban HTTP/1.1" 200 - "-" "Next.js Middleware"
::1 - - [Sat, 31 Jan 2026 23:38:22 +0000] "POST /api/ip-ban HTTP/1.1" 200 - "-" "Next.js Middleware"
::1 - - [Sat, 31 Jan 2026 23:38:23 +0000] "POST /api/ip-ban HTTP/1.1" 200 - "-" "Next.js Middleware"
::1 - - [Sat, 31 Jan 2026 23:38:23 +0000] "POST /api/ip-ban HTTP/1.1" 200 - "-" "Next.js Middleware"
::1 - - [Sat, 31 Jan 2026 23:38:31 +0000] "POST /api/ip-ban HTTP/1.1" 200 - "-" "Next.js Middleware"
::1 - - [Sat, 31 Jan 2026 23:38:31 +0000] "POST /api/ip-ban HTTP/1.1" 200 - "-" "Next.js Middleware"
::1 - - [Sat, 31 Jan 2026 23:38:31 +0000] "POST /api/ip-ban HTTP/1.1" 200 - "-" "Next.js Middleware"
::1 - - [Sat, 31 Jan 2026 23:38:31 +0000] "POST /api/admin/suspicious-activity HTTP/1.1" 200 - "-" "Next.js Middleware"
::1 - - [Sat, 31 Jan 2026 23:38:33 +0000] "POST /api/admin/log-request HTTP/1.1" 200 - "-" "Next.js Middleware"
::1 - - [Sat, 31 Jan 2026 23:38:32 +0000] "POST /api/admin/suspicious-activity HTTP/1.1" 200 - "-" "Next.js Middleware"
::1 - - [Sat, 31 Jan 2026 23:38:41 +0000] "POST /api/ip-ban HTTP/1.1" 200 - "-" "Next.js Middleware"
::1 - - [Sat, 31 Jan 2026 23:38:42 +0000] "POST /api/ip-ban HTTP/1.1" 200 - "-" "Next.js Middleware"
::1 - - [Sat, 31 Jan 2026 23:38:41 +0000] "POST /api/ip-ban HTTP/1.1" 200 - "-" "Next.js Middleware"
::1 - - [Sat, 31 Jan 2026 23:38:42 +0000] "POST /api/admin/log-request HTTP/1.1" 200 - "-" "Next.js Middleware"
::1 - - [Sat, 31 Jan 2026 23:38:42 +0000] "POST /api/ip-ban HTTP/1.1" 200 - "-" "Next.js Middleware"
::1 - - [Sat, 31 Jan 2026 23:38:51 +0000] "POST /api/ip-ban HTTP/1.1" 200 - "-" "Next.js Middleware"
::1 - - [Sat, 31 Jan 2026 23:38:52 +0000] "POST /api/ip-ban HTTP/1.1" 200 - "-" "Next.js Middleware"
::1 - - [Sat, 31 Jan 2026 23:38:52 +0000] "POST /api/admin/log-request HTTP/1.1" 200 - "-" "Next.js Middleware"
::1 - - [Sat, 31 Jan 2026 23:38:52 +0000] "POST /api/ip-ban HTTP/1.1" 200 - "-" "Next.js Middleware"
::1 - - [Sat, 31 Jan 2026 23:38:52 +0000] "POST /api/ip-ban HTTP/1.1" 200 - "-" "Next.js Middleware"
::1 - - [Sat, 31 Jan 2026 23:38:53 +0000] "POST /api/ip-ban HTTP/1.1" 200 - "-" "Next.js Middleware"
::1 - - [Sat, 31 Jan 2026 23:38:52 +0000] "POST /api/ip-ban HTTP/1.1" 200 - "-" "Next.js Middleware"
::1 - - [Sat, 31 Jan 2026 23:39:01 +0000] "POST /api/ip-ban HTTP/1.1" 200 - "-" "Next.js Middleware"
::1 - - [Sat, 31 Jan 2026 23:39:02 +0000] "POST /api/ip-ban HTTP/1.1" 200 - "-" "Next.js Middleware"
::1 - - [Sat, 31 Jan 2026 23:39:02 +0000] "POST /api/admin/log-request HTTP/1.1" 200 - "-" "Next.js Middleware"
::1 - - [Sat, 31 Jan 2026 23:39:03 +0000] "POST /api/ip-ban HTTP/1.1" 200 - "-" "Next.js Middleware"
::1 - - [Sat, 31 Jan 2026 23:39:03 +0000] "POST /api/ip-ban HTTP/1.1" 200 - "-" "Next.js Middleware"
::1 - - [Sat, 31 Jan 2026 23:39:02 +0000] "POST /api/ip-ban HTTP/1.1" 200 - "-" "Next.js Middleware"
::1 - - [Sat, 31 Jan 2026 23:39:03 +0000] "POST /api/ip-ban HTTP/1.1" 200 - "-" "Next.js Middleware"
::1 - - [Sat, 31 Jan 2026 23:39:14 +0000] "POST /api/ip-ban HTTP/1.1" 200 - "-" "Next.js Middleware"
::1 - - [Sat, 31 Jan 2026 23:39:14 +0000] "POST /api/ip-ban HTTP/1.1" 200 - "-" "Next.js Middleware"
::ffff:127.0.0.1 - - [Sat, 31 Jan 2026 23:39:11 +0000] "GET /home HTTP/1.1" 200 - "-" "Mozilla/5.0 (Windows NT 10.0; Win64; x64; rv:147.0) Gecko/20100101 Firefox/147.0"
::1 - - [Sat, 31 Jan 2026 23:39:22 +0000] "GET /api/admin/blocked-ips HTTP/1.1" 200 - "-" "Next.js Middleware"
::1 - - [Sat, 31 Jan 2026 23:39:22 +0000] "GET /api/admin/blocked-ips HTTP/1.1" 200 - "-" "Next.js Middleware"
::1 - - [Sat, 31 Jan 2026 23:39:23 +0000] "POST /api/ip-ban HTTP/1.1" 200 - "-" "Next.js Middleware"
::1 - - [Sat, 31 Jan 2026 23:39:23 +0000] "POST /api/ip-ban HTTP/1.1" 200 - "-" "Next.js Middleware"
::1 - - [Sat, 31 Jan 2026 23:39:23 +0000] "POST /api/ip-ban HTTP/1.1" 200 - "-" "Next.js Middleware"
::1 - - [Sat, 31 Jan 2026 23:39:32 +0000] "POST /api/ip-ban HTTP/1.1" 200 - "-" "Next.js Middleware"
::1 - - [Sat, 31 Jan 2026 23:39:32 +0000] "POST /api/ip-ban HTTP/1.1" 200 - "-" "Next.js Middleware"
::1 - - [Sat, 31 Jan 2026 23:39:33 +0000] "POST /api/admin/log-request HTTP/1.1" 200 - "-" "Next.js Middleware"
::1 - - [Sat, 31 Jan 2026 23:39:33 +0000] "POST /api/ip-ban HTTP/1.1" 200 - "-" "Next.js Middleware"
::1 - - [Sat, 31 Jan 2026 23:39:33 +0000] "POST /api/ip-ban HTTP/1.1" 200 - "-" "Next.js Middleware"
::1 - - [Sat, 31 Jan 2026 23:39:33 +0000] "POST /api/ip-ban HTTP/1.1" 200 - "-" "Next.js Middleware"
::1 - - [Sat, 31 Jan 2026 23:39:33 +0000] "POST /api/ip-ban HTTP/1.1" 200 - "-" "Next.js Middleware"
::1 - - [Sat, 31 Jan 2026 23:39:42 +0000] "POST /api/ip-ban HTTP/1.1" 200 - "-" "Next.js Middleware"
::1 - - [Sat, 31 Jan 2026 23:39:43 +0000] "POST /api/ip-ban HTTP/1.1" 200 - "-" "Next.js Middleware"
::1 - - [Sat, 31 Jan 2026 23:39:43 +0000] "POST /api/admin/log-request HTTP/1.1" 200 - "-" "Next.js Middleware"
::1 - - [Sat, 31 Jan 2026 23:39:43 +0000] "POST /api/ip-ban HTTP/1.1" 200 - "-" "Next.js Middleware"
::1 - - [Sat, 31 Jan 2026 23:39:43 +0000] "POST /api/ip-ban HTTP/1.1" 200 - "-" "Next.js Middleware"
::1 - - [Sat, 31 Jan 2026 23:39:44 +0000] "POST /api/ip-ban HTTP/1.1" 200 - "-" "Next.js Middleware"
::1 - - [Sat, 31 Jan 2026 23:39:43 +0000] "POST /api/ip-ban HTTP/1.1" 200 - "-" "Next.js Middleware"
::1 - - [Sat, 31 Jan 2026 23:39:53 +0000] "GET /api/admin/blocked-ips HTTP/1.1" 200 - "-" "Next.js Middleware"
::1 - - [Sat, 31 Jan 2026 23:39:53 +0000] "POST /api/ip-ban HTTP/1.1" 200 - "-" "Next.js Middleware"
::1 - - [Sat, 31 Jan 2026 23:39:54 +0000] "GET /api/admin/blocked-ips HTTP/1.1" 200 - "-" "Next.js Middleware"
::1 - - [Sat, 31 Jan 2026 23:39:54 +0000] "POST /api/admin/log-request HTTP/1.1" 200 - "-" "Next.js Middleware"
::1 - - [Sat, 31 Jan 2026 23:39:54 +0000] "POST /api/ip-ban HTTP/1.1" 200 - "-" "Next.js Middleware"
::1 - - [Sat, 31 Jan 2026 23:39:55 +0000] "POST /api/ip-ban HTTP/1.1" 200 - "-" "Next.js Middleware"
::1 - - [Sat, 31 Jan 2026 23:39:55 +0000] "POST /api/admin/log-request HTTP/1.1" 200 - "-" "Next.js Middleware"
::1 - - [Sat, 31 Jan 2026 23:39:56 +0000] "POST /api/ip-ban HTTP/1.1" 200 - "-" "Next.js Middleware"
::1 - - [Sat, 31 Jan 2026 23:39:55 +0000] "GET /api/admin/blocked-ips HTTP/1.1" 200 - "-" "Next.js Middleware"
::1 - - [Sat, 31 Jan 2026 23:40:06 +0000] "POST /api/ip-ban HTTP/1.1" 200 - "-" "Next.js Middleware"
::1 - - [Sat, 31 Jan 2026 23:40:17 +0000] "POST /api/ip-ban HTTP/1.1" 200 - "-" "Next.js Middleware"
::1 - - [Sat, 31 Jan 2026 23:40:17 +0000] "POST /api/ip-ban HTTP/1.1" 200 - "-" "Next.js Middleware"
::ffff:127.0.0.1 - - [Sat, 31 Jan 2026 23:40:15 +0000] "GET /api/announcements HTTP/1.1" 200 - "-" "Mozilla/5.0 (Windows NT 10.0; Win64; x64; rv:147.0) Gecko/20100101 Firefox/147.0"
::ffff:127.0.0.1 - - [Sat, 31 Jan 2026 23:40:35 +0000] "GET /api/admin/system-metrics HTTP/1.1" 200 - "-" "Mozilla/5.0 (Windows NT 10.0; Win64; x64; rv:147.0) Gecko/20100101 Firefox/147.0"
::ffff:127.0.0.1 - - [Sat, 31 Jan 2026 23:40:35 +0000] "GET /api/admin/request-logs HTTP/1.1" 200 - "-" "Mozilla/5.0 (Windows NT 10.0; Win64; x64; rv:147.0) Gecko/20100101 Firefox/147.0"
::1 - - [Sat, 31 Jan 2026 23:40:39 +0000] "POST /api/ip-ban HTTP/1.1" 200 - "-" "Next.js Middleware"
::1 - - [Sat, 31 Jan 2026 23:40:39 +0000] "POST /api/ip-ban HTTP/1.1" 200 - "-" "Next.js Middleware"
::1 - - [Sat, 31 Jan 2026 23:40:46 +0000] "POST /api/ip-ban HTTP/1.1" 200 - "-" "Next.js Middleware"
::1 - - [Sat, 31 Jan 2026 23:40:47 +0000] "POST /api/ip-ban HTTP/1.1" 200 - "-" "Next.js Middleware"
::1 - - [Sat, 31 Jan 2026 23:40:47 +0000] "POST /api/admin/log-request HTTP/1.1" 200 - "-" "Next.js Middleware"
::1 - - [Sat, 31 Jan 2026 23:40:47 +0000] "POST /api/ip-ban HTTP/1.1" 200 - "-" "Next.js Middleware"
::1 - - [Sat, 31 Jan 2026 23:40:47 +0000] "POST /api/ip-ban HTTP/1.1" 200 - "-" "Next.js Middleware"
::1 - - [Sat, 31 Jan 2026 23:40:48 +0000] "POST /api/ip-ban HTTP/1.1" 200 - "-" "Next.js Middleware"
::1 - - [Sat, 31 Jan 2026 23:40:47 +0000] "POST /api/ip-ban HTTP/1.1" 200 - "-" "Next.js Middleware"
::1 - - [Sat, 31 Jan 2026 23:40:57 +0000] "POST /api/ip-ban HTTP/1.1" 200 - "-" "Next.js Middleware"
::1 - - [Sat, 31 Jan 2026 23:40:57 +0000] "POST /api/ip-ban HTTP/1.1" 200 - "-" "Next.js Middleware"
::1 - - [Sat, 31 Jan 2026 23:40:58 +0000] "POST /api/admin/log-request HTTP/1.1" 200 - "-" "Next.js Middleware"
::1 - - [Sat, 31 Jan 2026 23:40:58 +0000] "POST /api/ip-ban HTTP/1.1" 200 - "-" "Next.js Middleware"
::1 - - [Sat, 31 Jan 2026 23:40:58 +0000] "POST /api/ip-ban HTTP/1.1" 200 - "-" "Next.js Middleware"
::1 - - [Sat, 31 Jan 2026 23:40:59 +0000] "POST /api/ip-ban HTTP/1.1" 200 - "-" "Next.js Middleware"
::1 - - [Sat, 31 Jan 2026 23:40:58 +0000] "POST /api/ip-ban HTTP/1.1" 200 - "-" "Next.js Middleware"
::1 - - [Sat, 31 Jan 2026 23:41:08 +0000] "POST /api/ip-ban HTTP/1.1" 200 - "-" "Next.js Middleware"
::1 - - [Sat, 31 Jan 2026 23:41:08 +0000] "POST /api/ip-ban HTTP/1.1" 200 - "-" "Next.js Middleware"
::1 - - [Sat, 31 Jan 2026 23:41:09 +0000] "POST /api/ip-ban HTTP/1.1" 200 - "-" "Next.js Middleware"
::ffff:127.0.0.1 - - [Sat, 31 Jan 2026 23:41:06 +0000] "GET /api/maintenance HTTP/1.1" 200 - "-" "Mozilla/5.0 (Windows NT 10.0; Win64; x64; rv:147.0) Gecko/20100101 Firefox/147.0"
::1 - - [Sat, 31 Jan 2026 23:41:17 +0000] "POST /api/ip-ban HTTP/1.1" 200 - "-" "Next.js Middleware"
::1 - - [Sat, 31 Jan 2026 23:41:18 +0000] "POST /api/admin/log-request HTTP/1.1" 200 - "-" "Next.js Middleware"
::1 - - [Sat, 31 Jan 2026 23:41:18 +0000] "POST /api/ip-ban HTTP/1.1" 200 - "-" "Next.js Middleware"
::1 - - [Sat, 31 Jan 2026 23:41:19 +0000] "POST /api/ip-ban HTTP/1.1" 200 - "-" "Next.js Middleware"
::1 - - [Sat, 31 Jan 2026 23:41:18 +0000] "POST /api/ip-ban HTTP/1.1" 200 - "-" "Next.js Middleware"
::1 - - [Sat, 31 Jan 2026 23:41:19 +0000] "POST /api/ip-ban HTTP/1.1" 200 - "-" "Next.js Middleware"
::1 - - [Sat, 31 Jan 2026 23:41:19 +0000] "POST /api/ip-ban HTTP/1.1" 200 - "-" "Next.js Middleware"
::1 - - [Sat, 31 Jan 2026 23:41:29 +0000] "POST /api/admin/suspicious-activity HTTP/1.1" 200 - "-" "Next.js Middleware"
::1 - - [Sat, 31 Jan 2026 23:41:29 +0000] "POST /api/admin/suspicious-activity HTTP/1.1" 200 - "-" "Next.js Middleware"
::1 - - [Sat, 31 Jan 2026 23:41:29 +0000] "POST /api/ip-ban HTTP/1.1" 200 - "-" "Next.js Middleware"
::1 - - [Sat, 31 Jan 2026 23:41:38 +0000] "POST /api/ip-ban HTTP/1.1" 200 - "-" "Next.js Middleware"
::1 - - [Sat, 31 Jan 2026 23:41:38 +0000] "POST /api/ip-ban HTTP/1.1" 200 - "-" "Next.js Middleware"
::1 - - [Sat, 31 Jan 2026 23:41:39 +0000] "POST /api/admin/log-request HTTP/1.1" 200 - "-" "Next.js Middleware"
::1 - - [Sat, 31 Jan 2026 23:41:38 +0000] "POST /api/ip-ban HTTP/1.1" 200 - "-" "Next.js Middleware"
::1 - - [Sat, 31 Jan 2026 23:41:38 +0000] "POST /api/ip-ban HTTP/1.1" 200 - "-" "Next.js Middleware"
::1 - - [Sat, 31 Jan 2026 23:41:39 +0000] "POST /api/admin/log-request HTTP/1.1" 200 - "-" "Next.js Middleware"
::1 - - [Sat, 31 Jan 2026 23:41:48 +0000] "POST /api/ip-ban HTTP/1.1" 200 - "-" "Next.js Middleware"
::1 - - [Sat, 31 Jan 2026 23:41:48 +0000] "POST /api/ip-ban HTTP/1.1" 200 - "-" "Next.js Middleware"
::1 - - [Sat, 31 Jan 2026 23:41:49 +0000] "POST /api/admin/log-request HTTP/1.1" 200 - "-" "Next.js Middleware"
::1 - - [Sat, 31 Jan 2026 23:41:49 +0000] "POST /api/ip-ban HTTP/1.1" 200 - "-" "Next.js Middleware"
::1 - - [Sat, 31 Jan 2026 23:41:49 +0000] "POST /api/ip-ban HTTP/1.1" 200 - "-" "Next.js Middleware"
::1 - - [Sat, 31 Jan 2026 23:41:50 +0000] "POST /api/ip-ban HTTP/1.1" 200 - "-" "Next.js Middleware"
::1 - - [Sat, 31 Jan 2026 23:41:49 +0000] "POST /api/ip-ban HTTP/1.1" 200 - "-" "Next.js Middleware"
::1 - - [Sat, 31 Jan 2026 23:41:58 +0000] "POST /api/ip-ban HTTP/1.1" 200 - "-" "Next.js Middleware"
::1 - - [Sat, 31 Jan 2026 23:41:59 +0000] "POST /api/ip-ban HTTP/1.1" 200 - "-" "Next.js Middleware"
::1 - - [Sat, 31 Jan 2026 23:41:59 +0000] "POST /api/admin/log-request HTTP/1.1" 200 - "-" "Next.js Middleware"
::1 - - [Sat, 31 Jan 2026 23:41:59 +0000] "POST /api/ip-ban HTTP/1.1" 200 - "-" "Next.js Middleware"
::1 - - [Sat, 31 Jan 2026 23:41:59 +0000] "POST /api/ip-ban HTTP/1.1" 200 - "-" "Next.js Middleware"
::1 - - [Sat, 31 Jan 2026 23:42:00 +0000] "POST /api/ip-ban HTTP/1.1" 200 - "-" "Next.js Middleware"
::1 - - [Sat, 31 Jan 2026 23:41:59 +0000] "POST /api/ip-ban HTTP/1.1" 200 - "-" "Next.js Middleware"
::ffff:127.0.0.1 - - [Sat, 31 Jan 2026 23:42:08 +0000] "GET /api/maintenance HTTP/1.1" 200 - "-" "Mozilla/5.0 (Windows NT 10.0; Win64; x64; rv:147.0) Gecko/20100101 Firefox/147.0"
::ffff:127.0.0.1 - - [Sat, 31 Jan 2026 23:42:08 +0000] "GET /api/announcements HTTP/1.1" 200 - "-" "Mozilla/5.0 (Windows NT 10.0; Win64; x64; rv:147.0) Gecko/20100101 Firefox/147.0"
::1 - - [Sat, 31 Jan 2026 23:42:09 +0000] "POST /api/ip-ban HTTP/1.1" 200 - "-" "Next.js Middleware"
::1 - - [Sat, 31 Jan 2026 23:42:10 +0000] "POST /api/ip-ban HTTP/1.1" 200 - "-" "Next.js Middleware"
::1 - - [Sat, 31 Jan 2026 23:42:18 +0000] "POST /api/ip-ban HTTP/1.1" 200 - "-" "Next.js Middleware"
::1 - - [Sat, 31 Jan 2026 23:42:19 +0000] "POST /api/ip-ban HTTP/1.1" 200 - "-" "Next.js Middleware"
::1 - - [Sat, 31 Jan 2026 23:42:19 +0000] "POST /api/admin/log-request HTTP/1.1" 200 - "-" "Next.js Middleware"
::1 - - [Sat, 31 Jan 2026 23:42:20 +0000] "POST /api/ip-ban HTTP/1.1" 200 - "-" "Next.js Middleware"
::1 - - [Sat, 31 Jan 2026 23:42:20 +0000] "POST /api/ip-ban HTTP/1.1" 200 - "-" "Next.js Middleware"
::1 - - [Sat, 31 Jan 2026 23:42:19 +0000] "POST /api/ip-ban HTTP/1.1" 200 - "-" "Next.js Middleware"
::1 - - [Sat, 31 Jan 2026 23:42:20 +0000] "POST /api/ip-ban HTTP/1.1" 200 - "-" "Next.js Middleware"
::1 - - [Sat, 31 Jan 2026 23:42:29 +0000] "POST /api/ip-ban HTTP/1.1" 200 - "-" "Next.js Middleware"
::1 - - [Sat, 31 Jan 2026 23:42:29 +0000] "POST /api/ip-ban HTTP/1.1" 200 - "-" "Next.js Middleware"
::1 - - [Sat, 31 Jan 2026 23:42:29 +0000] "POST /api/admin/log-request HTTP/1.1" 200 - "-" "Next.js Middleware"
::1 - - [Sat, 31 Jan 2026 23:42:30 +0000] "POST /api/ip-ban HTTP/1.1" 200 - "-" "Next.js Middleware"
::1 - - [Sat, 31 Jan 2026 23:42:29 +0000] "POST /api/ip-ban HTTP/1.1" 200 - "-" "Next.js Middleware"
::1 - - [Sat, 31 Jan 2026 23:42:30 +0000] "POST /api/ip-ban HTTP/1.1" 200 - "-" "Next.js Middleware"
::1 - - [Sat, 31 Jan 2026 23:42:30 +0000] "POST /api/ip-ban HTTP/1.1" 200 - "-" "Next.js Middleware"
::1 - - [Sat, 31 Jan 2026 23:42:39 +0000] "POST /api/ip-ban HTTP/1.1" 200 - "-" "Next.js Middleware"
::1 - - [Sat, 31 Jan 2026 23:42:39 +0000] "POST /api/ip-ban HTTP/1.1" 200 - "-" "Next.js Middleware"
::1 - - [Sat, 31 Jan 2026 23:42:40 +0000] "POST /api/admin/log-request HTTP/1.1" 200 - "-" "Next.js Middleware"
::1 - - [Sat, 31 Jan 2026 23:42:39 +0000] "POST /api/ip-ban HTTP/1.1" 200 - "-" "Next.js Middleware"
::1 - - [Sat, 31 Jan 2026 23:42:39 +0000] "POST /api/ip-ban HTTP/1.1" 200 - "-" "Next.js Middleware"
::1 - - [Sat, 31 Jan 2026 23:42:40 +0000] "POST /api/admin/log-request HTTP/1.1" 200 - "-" "Next.js Middleware"
::1 - - [Sat, 31 Jan 2026 23:42:50 +0000] "POST /api/ip-ban HTTP/1.1" 200 - "-" "Next.js Middleware"
::1 - - [Sat, 31 Jan 2026 23:42:50 +0000] "POST /api/admin/suspicious-activity HTTP/1.1" 200 - "-" "Next.js Middleware"
::1 - - [Sat, 31 Jan 2026 23:42:51 +0000] "POST /api/ip-ban HTTP/1.1" 200 - "-" "Next.js Middleware"
::1 - - [Sat, 31 Jan 2026 23:42:51 +0000] "POST /api/admin/log-request HTTP/1.1" 200 - "-" "Next.js Middleware"
::1 - - [Sat, 31 Jan 2026 23:42:51 +0000] "POST /api/ip-ban HTTP/1.1" 200 - "-" "Next.js Middleware"
::ffff:127.0.0.1 - - [Sat, 31 Jan 2026 23:42:48 +0000] "GET /api/maintenance HTTP/1.1" 200 - "-" "Mozilla/5.0 (Windows NT 10.0; Win64; x64; rv:147.0) Gecko/20100101 Firefox/147.0"
::1 - - [Sat, 31 Jan 2026 23:43:15 +0000] "GET /api/admin/blocked-ips HTTP/1.1" 200 - "-" "Next.js Middleware"
::1 - - [Sat, 31 Jan 2026 23:43:15 +0000] "GET /api/admin/blocked-ips HTTP/1.1" 200 - "-" "Next.js Middleware"
::1 - - [Sat, 31 Jan 2026 23:43:15 +0000] "POST /api/ip-ban HTTP/1.1" 200 - "-" "Next.js Middleware"
::1 - - [Sat, 31 Jan 2026 23:43:16 +0000] "POST /api/ip-ban HTTP/1.1" 200 - "-" "Next.js Middleware"
::1 - - [Sat, 31 Jan 2026 23:43:16 +0000] "GET /api/admin/blocked-ips HTTP/1.1" 200 - "-" "Next.js Middleware"
::1 - - [Sat, 31 Jan 2026 23:43:17 +0000] "POST /api/admin/log-request HTTP/1.1" 200 - "-" "Next.js Middleware"
::1 - - [Sat, 31 Jan 2026 23:43:16 +0000] "GET /api/admin/blocked-ips HTTP/1.1" 200 - "-" "Next.js Middleware"
::1 - - [Sat, 31 Jan 2026 23:43:17 +0000] "POST /api/admin/log-request HTTP/1.1" 200 - "-" "Next.js Middleware"
::1 - - [Sat, 31 Jan 2026 23:43:29 +0000] "POST /api/ip-ban HTTP/1.1" 200 - "-" "Next.js Middleware"
::1 - - [Sat, 31 Jan 2026 23:43:30 +0000] "POST /api/admin/log-request HTTP/1.1" 200 - "-" "Next.js Middleware"
::1 - - [Sat, 31 Jan 2026 23:43:29 +0000] "POST /api/ip-ban HTTP/1.1" 200 - "-" "Next.js Middleware"
::1 - - [Sat, 31 Jan 2026 23:43:30 +0000] "POST /api/ip-ban HTTP/1.1" 200 - "-" "Next.js Middleware"
::1 - - [Sat, 31 Jan 2026 23:43:31 +0000] "POST /api/ip-ban HTTP/1.1" 200 - "-" "Next.js Middleware"
::1 - - [Sat, 31 Jan 2026 23:43:30 +0000] "POST /api/ip-ban HTTP/1.1" 200 - "-" "Next.js Middleware"
::1 - - [Sat, 31 Jan 2026 23:43:30 +0000] "POST /api/ip-ban HTTP/1.1" 200 - "-" "Next.js Middleware"
::1 - - [Sat, 31 Jan 2026 23:43:42 +0000] "POST /api/ip-ban HTTP/1.1" 200 - "-" "Next.js Middleware"
::1 - - [Sat, 31 Jan 2026 23:43:42 +0000] "POST /api/ip-ban HTTP/1.1" 200 - "-" "Next.js Middleware"
::1 - - [Sat, 31 Jan 2026 23:43:43 +0000] "GET /api/admin/blocked-ips HTTP/1.1" 200 - "-" "Next.js Middleware"
::1 - - [Sat, 31 Jan 2026 23:43:43 +0000] "POST /api/ip-ban HTTP/1.1" 200 - "-" "Next.js Middleware"
::1 - - [Sat, 31 Jan 2026 23:43:43 +0000] "POST /api/admin/log-request HTTP/1.1" 200 - "-" "Next.js Middleware"
::1 - - [Sat, 31 Jan 2026 23:43:52 +0000] "POST /api/ip-ban HTTP/1.1" 200 - "-" "Next.js Middleware"
::1 - - [Sat, 31 Jan 2026 23:43:52 +0000] "POST /api/ip-ban HTTP/1.1" 200 - "-" "Next.js Middleware"
::ffff:127.0.0.1 - - [Sat, 31 Jan 2026 23:43:49 +0000] "GET /api/announcements HTTP/1.1" 200 - "-" "Mozilla/5.0 (Windows NT 10.0; Win64; x64; rv:147.0) Gecko/20100101 Firefox/147.0"
::ffff:127.0.0.1 - - [Sat, 31 Jan 2026 23:43:49 +0000] "GET /api/theme HTTP/1.1" 200 - "-" "Mozilla/5.0 (Windows NT 10.0; Win64; x64; rv:147.0) Gecko/20100101 Firefox/147.0"
